{
  "err_code": "bad_param",
  "err_messages": [
      "Name (input:) violates required(=) validation"
  ]
}
