{
  "user_id": 1,
  "name": "taro",
  "balance": {
      "amount": 0
  }
}
