{
  "err_code": "bad_param",
  "err_message": "invalid request params: [Name]"
}
